# R CMD check --as-cran of boostmtree_2.0.1.tar.gz (built with R CMD build).
# Supersedes the earlier record of this file, which was produced with
# --no-manual --no-build-vignettes against the source DIRECTORY; that run's
# single NOTE was the 'Checking should be performed on sources prepared by
# R CMD build' artifact, not a package defect. Run from a proper tarball with
# the manual built, the check is clean: Status: OK (0 errors, 0 warnings, 0 notes).
# Command:
#   R CMD build boostmtree
#   _R_CHECK_FORCE_SUGGESTS_=true R_LIBS_USER="$BMLIB" \
#     R CMD check --as-cran boostmtree_2.0.1.tar.gz
#
* using log directory ‘/Users/ehrlinj/Documents/GitHub/boostmtree_src/boostmtree.Rcheck’
* using R version 4.6.1 (2026-06-24)
* using platform: aarch64-apple-darwin23
* R was compiled by
    Apple clang version 17.0.0 (clang-1700.3.19.1)
    GNU Fortran (GCC) 14.2.0
* running under: macOS Golden Gate 27.0
* using session charset: UTF-8
* current time: 2026-09-02 23:10:36 UTC
* using option ‘--as-cran’
* checking for file ‘boostmtree/DESCRIPTION’ ... OK
* this is package ‘boostmtree’ version ‘2.0.1’
* checking CRAN incoming feasibility ... [3s/24s] OK
* checking package namespace information ... OK
* checking package dependencies ... OK
* checking if this is a source package ... OK
* checking if there is a namespace ... OK
* checking for executable files ... OK
* checking for hidden files and directories ... OK
* checking for portable file names ... OK
* checking for sufficient/correct file permissions ... OK
* checking whether package ‘boostmtree’ can be installed ... OK
* checking installed package size ... OK
* checking package directory ... OK
* checking for future file timestamps ... OK
* checking DESCRIPTION meta-information ... OK
* checking top-level files ... OK
* checking for left-over files ... OK
* checking index information ... OK
* checking package subdirectories ... OK
* checking code files for non-ASCII characters ... OK
* checking R files for syntax errors ... OK
* checking whether the package can be loaded ... OK
* checking whether the package can be loaded with stated dependencies ... OK
* checking whether the package can be unloaded cleanly ... OK
* checking whether the namespace can be loaded with stated dependencies ... OK
* checking whether the namespace can be unloaded cleanly ... OK
* checking loading without being on the library search path ... OK
* checking whether startup messages can be suppressed ... OK
* checking use of S3 registration ... OK
* checking dependencies in R code ... OK
* checking S3 generic/method consistency ... OK
* checking replacement functions ... OK
* checking foreign function calls ... OK
* checking R code for possible problems ... OK
* checking Rd files ... OK
* checking Rd metadata ... OK
* checking Rd line widths ... OK
* checking Rd cross-references ... OK
* checking for missing documentation entries ... OK
* checking for code/documentation mismatches ... OK
* checking Rd \usage sections ... OK
* checking Rd contents ... OK
* checking for unstated dependencies in examples ... OK
* checking contents of ‘data’ directory ... OK
* checking data for non-ASCII characters ... OK
* checking data for ASCII and uncompressed saves ... OK
* checking examples ... OK
* checking examples with --run-donttest ... [30s/31s] OK
* checking for unstated dependencies in ‘tests’ ... OK
* checking tests ...
  Running ‘testthat.R’
 OK
* checking PDF version of manual ... OK
* checking HTML version of manual ... OK
* checking for non-standard things in the check directory ... OK
* checking for detritus in the temp directory ... OK
* DONE

Status: OK

